127.0.0.1 - - [01/Dec/2014:15:47:33 +0100] "GET / HTTP/1.1" 404 951
0:0:0:0:0:0:0:1 - - [01/Dec/2014:15:47:35 +0100] "GET /BeanFunctions/loginform.jsp HTTP/1.1" 200 345
0:0:0:0:0:0:0:1 - - [01/Dec/2014:15:48:11 +0100] "GET /BeanFunctions/loginform.jsp HTTP/1.1" 200 345
0:0:0:0:0:0:0:1 - - [01/Dec/2014:15:48:14 +0100] "GET /BeanFunctions/loginform.jsp HTTP/1.1" 200 345
0:0:0:0:0:0:0:1 - - [01/Dec/2014:15:48:15 +0100] "GET /BeanFunctions/loginform.jsp HTTP/1.1" 200 345
0:0:0:0:0:0:0:1 - - [01/Dec/2014:15:48:23 +0100] "GET /BeanFunctions/loginform.jsp HTTP/1.1" 200 359
0:0:0:0:0:0:0:1 - - [01/Dec/2014:15:48:34 +0100] "GET /BeanFunctions/loginform.jsp HTTP/1.1" 200 358
0:0:0:0:0:0:0:1 - - [01/Dec/2014:15:48:36 +0100] "POST /BeanFunctions/loginform.jsp HTTP/1.1" 200 358
0:0:0:0:0:0:0:1 - - [01/Dec/2014:15:49:09 +0100] "GET /BeanFunctions/loginform.jsp HTTP/1.1" 200 407
0:0:0:0:0:0:0:1 - - [01/Dec/2014:15:49:43 +0100] "GET /BeanFunctions/loginform.jsp HTTP/1.1" 200 406
0:0:0:0:0:0:0:1 - - [01/Dec/2014:15:49:44 +0100] "GET /BeanFunctions/loginform.jsp HTTP/1.1" 200 406
0:0:0:0:0:0:0:1 - - [01/Dec/2014:15:49:44 +0100] "GET /BeanFunctions/loginform.jsp HTTP/1.1" 200 406
0:0:0:0:0:0:0:1 - - [01/Dec/2014:15:49:44 +0100] "GET /BeanFunctions/loginform.jsp HTTP/1.1" 200 406
0:0:0:0:0:0:0:1 - - [01/Dec/2014:15:49:45 +0100] "GET /BeanFunctions/loginform.jsp HTTP/1.1" 200 406
127.0.0.1 - - [01/Dec/2014:15:51:58 +0100] "GET / HTTP/1.1" 404 951
0:0:0:0:0:0:0:1 - - [01/Dec/2014:15:52:00 +0100] "GET /BeanFunctions/loginhandler.jsp HTTP/1.1" 200 250
0:0:0:0:0:0:0:1 - - [01/Dec/2014:15:52:13 +0100] "GET /BeanFunctions/loginform.jsp HTTP/1.1" 200 436
0:0:0:0:0:0:0:1 - - [01/Dec/2014:15:52:48 +0100] "GET /BeanFunctions/loginform.jsp HTTP/1.1" 200 472
0:0:0:0:0:0:0:1 - - [01/Dec/2014:15:53:06 +0100] "GET /BeanFunctions/loginform.jsp HTTP/1.1" 200 470
0:0:0:0:0:0:0:1 - - [01/Dec/2014:15:53:20 +0100] "GET /BeanFunctions/loginform.jsp HTTP/1.1" 200 470
0:0:0:0:0:0:0:1 - - [01/Dec/2014:15:53:57 +0100] "GET /BeanFunctions/loginform.jsp HTTP/1.1" 200 455
0:0:0:0:0:0:0:1 - - [01/Dec/2014:15:54:13 +0100] "GET /BeanFunctions/loginform.jsp HTTP/1.1" 200 456
0:0:0:0:0:0:0:1 - - [01/Dec/2014:15:54:35 +0100] "GET /BeanFunctions/loginhandler.jsp HTTP/1.1" 200 253
0:0:0:0:0:0:0:1 - - [01/Dec/2014:15:54:50 +0100] "GET /BeanFunctions/loginform.jsp HTTP/1.1" 200 442
0:0:0:0:0:0:0:1 - - [01/Dec/2014:15:55:04 +0100] "GET /BeanFunctions/loginform.jsp HTTP/1.1" 200 438
0:0:0:0:0:0:0:1 - - [01/Dec/2014:15:55:40 +0100] "GET /BeanFunctions/loginform.jsp HTTP/1.1" 200 455
0:0:0:0:0:0:0:1 - - [01/Dec/2014:15:55:49 +0100] "GET /BeanFunctions/loginform.jsp HTTP/1.1" 200 455
127.0.0.1 - - [01/Dec/2014:15:56:28 +0100] "GET / HTTP/1.1" 404 951
0:0:0:0:0:0:0:1 - - [01/Dec/2014:15:56:36 +0100] "GET /BeanFunctions/loginform.jsp HTTP/1.1" 200 455
0:0:0:0:0:0:0:1 - - [01/Dec/2014:15:57:31 +0100] "GET /BeanFunctions/loginform.jsp HTTP/1.1" 200 456
0:0:0:0:0:0:0:1 - - [01/Dec/2014:15:58:23 +0100] "GET /BeanFunctions/loginform.jsp HTTP/1.1" 200 452
0:0:0:0:0:0:0:1 - - [01/Dec/2014:15:59:00 +0100] "GET /BeanFunctions/loginform.jsp HTTP/1.1" 200 451
0:0:0:0:0:0:0:1 - - [01/Dec/2014:15:59:42 +0100] "GET /BeanFunctions/loginhandler.jsp HTTP/1.1" 200 253
0:0:0:0:0:0:0:1 - - [01/Dec/2014:16:00:10 +0100] "GET /BeanFunctions/WEB-INF/classes/bean/User.java HTTP/1.1" 404 949
0:0:0:0:0:0:0:1 - - [01/Dec/2014:16:01:08 +0100] "GET /BeanFunctions/loginhandler.jsp HTTP/1.1" 200 253
0:0:0:0:0:0:0:1 - - [01/Dec/2014:16:01:35 +0100] "GET /BeanFunctions/loginform.jsp HTTP/1.1" 200 463
0:0:0:0:0:0:0:1 - - [01/Dec/2014:16:04:56 +0100] "GET /BeanFunctions/loginform.jsp HTTP/1.1" 200 471
0:0:0:0:0:0:0:1 - - [01/Dec/2014:16:05:45 +0100] "GET /BeanFunctions/loginform.jsp HTTP/1.1" 200 471
0:0:0:0:0:0:0:1 - - [01/Dec/2014:16:06:04 +0100] "GET /BeanFunctions/WEB-INF/classes/bean/User.java HTTP/1.1" 404 949
0:0:0:0:0:0:0:1 - - [01/Dec/2014:16:06:14 +0100] "GET /BeanFunctions/WEB-INF/classes/bean/User.java HTTP/1.1" 404 949
127.0.0.1 - - [01/Dec/2014:16:07:21 +0100] "GET / HTTP/1.1" 404 951
0:0:0:0:0:0:0:1 - - [01/Dec/2014:16:07:22 +0100] "GET /BeanFunctions/MainContorller HTTP/1.1" 200 -
0:0:0:0:0:0:0:1 - - [01/Dec/2014:16:07:39 +0100] "GET /BeanFunctions/loginform.jsp HTTP/1.1" 200 470
0:0:0:0:0:0:0:1 - - [01/Dec/2014:16:08:08 +0100] "GET /BeanFunctions/loginform.jsp HTTP/1.1" 200 455
0:0:0:0:0:0:0:1 - - [01/Dec/2014:16:08:19 +0100] "GET /BeanFunctions/loginform.jsp HTTP/1.1" 200 451
127.0.0.1 - - [01/Dec/2014:16:09:12 +0100] "GET / HTTP/1.1" 404 951
0:0:0:0:0:0:0:1 - - [01/Dec/2014:16:09:12 +0100] "GET /BeanFunctions/loginform.jsp HTTP/1.1" 200 451
0:0:0:0:0:0:0:1 - - [01/Dec/2014:16:11:18 +0100] "GET /Deployment/form.jsp HTTP/1.1" 200 397
0:0:0:0:0:0:0:1 - - [01/Dec/2014:16:11:20 +0100] "GET /Deployment/LoginController?loginName=asdf HTTP/1.1" 200 4
0:0:0:0:0:0:0:1 - - [01/Dec/2014:16:12:05 +0100] "GET /BeanFunctions/loginform.jsp HTTP/1.1" 200 438
0:0:0:0:0:0:0:1 - - [01/Dec/2014:16:13:31 +0100] "GET /BeanFunctions/loginform.jsp HTTP/1.1" 200 449
0:0:0:0:0:0:0:1 - - [01/Dec/2014:16:14:23 +0100] "GET /BeanFunctions/loginform.jsp HTTP/1.1" 200 446
0:0:0:0:0:0:0:1 - - [01/Dec/2014:16:15:16 +0100] "GET /BeanFunctions/loginform.jsp HTTP/1.1" 200 414
0:0:0:0:0:0:0:1 - - [01/Dec/2014:16:15:18 +0100] "GET /BeanFunctions/src/MainContorller.java?loginName=asdf HTTP/1.1" 404 1025
0:0:0:0:0:0:0:1 - - [01/Dec/2014:16:16:24 +0100] "GET /BeanFunctions/loginhandler.jsp HTTP/1.1" 200 253
0:0:0:0:0:0:0:1 - - [01/Dec/2014:16:19:08 +0100] "GET /BeanFunctions/loginform.jsp HTTP/1.1" 200 409
0:0:0:0:0:0:0:1 - - [01/Dec/2014:16:19:35 +0100] "GET /BeanFunctions/loginform.jsp HTTP/1.1" 200 479
0:0:0:0:0:0:0:1 - - [01/Dec/2014:16:19:38 +0100] "POST /BeanFunctions/loginhandler.jsp HTTP/1.1" 200 253
0:0:0:0:0:0:0:1 - - [01/Dec/2014:16:19:54 +0100] "GET /BeanFunctions/loginform.jsp HTTP/1.1" 200 459
0:0:0:0:0:0:0:1 - - [01/Dec/2014:16:19:56 +0100] "POST /BeanFunctions/loginhandler.jsp HTTP/1.1" 200 253
0:0:0:0:0:0:0:1 - - [01/Dec/2014:16:20:21 +0100] "GET /BeanFunctions/loginform.jsp HTTP/1.1" 200 469
0:0:0:0:0:0:0:1 - - [01/Dec/2014:16:20:24 +0100] "POST /BeanFunctions/loginhandler.jsp HTTP/1.1" 200 253
0:0:0:0:0:0:0:1 - - [01/Dec/2014:16:23:34 +0100] "GET /BeanFunctions/loginhandler.jsp HTTP/1.1" 200 265
0:0:0:0:0:0:0:1 - - [01/Dec/2014:16:23:46 +0100] "GET /BeanFunctions/loginhandler.jsp?name=sanjiv&password=fuck HTTP/1.1" 200 267
127.0.0.1 - - [01/Dec/2014:17:22:47 +0100] "GET / HTTP/1.1" 404 951
0:0:0:0:0:0:0:1 - - [01/Dec/2014:17:22:48 +0100] "GET /Database/Connection HTTP/1.1" 200 -
127.0.0.1 - - [01/Dec/2014:17:23:42 +0100] "GET / HTTP/1.1" 404 951
0:0:0:0:0:0:0:1 - - [01/Dec/2014:17:23:42 +0100] "GET /Database/Connection HTTP/1.1" 200 -
127.0.0.1 - - [01/Dec/2014:17:24:25 +0100] "GET / HTTP/1.1" 404 951
0:0:0:0:0:0:0:1 - - [01/Dec/2014:17:24:26 +0100] "GET /Database/Connection HTTP/1.1" 200 -
0:0:0:0:0:0:0:1 - - [01/Dec/2014:17:24:28 +0100] "GET /Database/Connection HTTP/1.1" 200 -
0:0:0:0:0:0:0:1 - - [01/Dec/2014:17:24:29 +0100] "GET /Database/Connection HTTP/1.1" 200 -
0:0:0:0:0:0:0:1 - - [01/Dec/2014:17:24:29 +0100] "GET /Database/Connection HTTP/1.1" 200 -
0:0:0:0:0:0:0:1 - - [01/Dec/2014:17:24:29 +0100] "GET /Database/Connection HTTP/1.1" 200 -
0:0:0:0:0:0:0:1 - - [01/Dec/2014:17:24:30 +0100] "GET /Database/Connection HTTP/1.1" 200 -
0:0:0:0:0:0:0:1 - - [01/Dec/2014:17:24:30 +0100] "GET /Database/Connection HTTP/1.1" 200 -
0:0:0:0:0:0:0:1 - - [01/Dec/2014:17:24:30 +0100] "GET /Database/Connection HTTP/1.1" 200 -
127.0.0.1 - - [01/Dec/2014:17:25:59 +0100] "GET / HTTP/1.1" 404 951
0:0:0:0:0:0:0:1 - - [01/Dec/2014:17:25:59 +0100] "GET /Database/Connection HTTP/1.1" 200 -
127.0.0.1 - - [01/Dec/2014:17:26:56 +0100] "GET / HTTP/1.1" 404 951
0:0:0:0:0:0:0:1 - - [01/Dec/2014:17:26:57 +0100] "GET /Database/Connection HTTP/1.1" 200 -
0:0:0:0:0:0:0:1 - - [01/Dec/2014:17:27:31 +0100] "GET /Hello_World/HelloWorld HTTP/1.1" 200 85
127.0.0.1 - - [01/Dec/2014:17:28:21 +0100] "GET / HTTP/1.1" 404 951
0:0:0:0:0:0:0:1 - - [01/Dec/2014:17:28:21 +0100] "GET /Database/Connection HTTP/1.1" 200 66
127.0.0.1 - - [01/Dec/2014:18:16:00 +0100] "GET / HTTP/1.1" 404 951
0:0:0:0:0:0:0:1 - - [01/Dec/2014:18:16:01 +0100] "GET /Database/ HTTP/1.1" 404 969
0:0:0:0:0:0:0:1 - - [01/Dec/2014:18:16:17 +0100] "GET /Database/Connection HTTP/1.1" 200 66
0:0:0:0:0:0:0:1 - - [01/Dec/2014:18:16:21 +0100] "GET /Database/Connection HTTP/1.1" 200 66
127.0.0.1 - - [01/Dec/2014:18:18:29 +0100] "GET / HTTP/1.1" 404 951
0:0:0:0:0:0:0:1 - - [01/Dec/2014:18:18:30 +0100] "GET /Database/Connection HTTP/1.1" 200 52
127.0.0.1 - - [01/Dec/2014:18:21:48 +0100] "GET / HTTP/1.1" 404 951
0:0:0:0:0:0:0:1 - - [01/Dec/2014:18:21:49 +0100] "GET /Database/Connection HTTP/1.1" 500 1718
127.0.0.1 - - [01/Dec/2014:18:22:11 +0100] "GET / HTTP/1.1" 404 951
0:0:0:0:0:0:0:1 - - [01/Dec/2014:18:22:12 +0100] "GET /Database/Connection HTTP/1.1" 500 1739
127.0.0.1 - - [01/Dec/2014:18:23:35 +0100] "GET / HTTP/1.1" 404 951
0:0:0:0:0:0:0:1 - - [01/Dec/2014:18:23:35 +0100] "GET /Database/Connection HTTP/1.1" 200 104
0:0:0:0:0:0:0:1 - - [01/Dec/2014:18:23:48 +0100] "GET /Database/Connection HTTP/1.1" 200 104
127.0.0.1 - - [01/Dec/2014:18:28:15 +0100] "GET / HTTP/1.1" 404 951
0:0:0:0:0:0:0:1 - - [01/Dec/2014:18:28:16 +0100] "GET /Database/Connection HTTP/1.1" 200 104
127.0.0.1 - - [01/Dec/2014:18:28:40 +0100] "GET / HTTP/1.1" 404 951
0:0:0:0:0:0:0:1 - - [01/Dec/2014:18:28:40 +0100] "GET /Database/Connection HTTP/1.1" 200 108
0:0:0:0:0:0:0:1 - - [01/Dec/2014:18:29:11 +0100] "GET /Database/Connection HTTP/1.1" 200 108
0:0:0:0:0:0:0:1 - - [01/Dec/2014:18:29:13 +0100] "GET /Database/Connection HTTP/1.1" 200 108
0:0:0:0:0:0:0:1 - - [01/Dec/2014:18:29:14 +0100] "GET /Database/Connection HTTP/1.1" 200 108
0:0:0:0:0:0:0:1 - - [01/Dec/2014:18:29:14 +0100] "GET /Database/Connection HTTP/1.1" 200 108
0:0:0:0:0:0:0:1 - - [01/Dec/2014:18:29:19 +0100] "GET /Database/Connection HTTP/1.1" 200 108
0:0:0:0:0:0:0:1 - - [01/Dec/2014:18:29:29 +0100] "GET /Database/Connection HTTP/1.1" 200 108
0:0:0:0:0:0:0:1 - - [01/Dec/2014:18:29:30 +0100] "GET /Database/Connection HTTP/1.1" 200 108
0:0:0:0:0:0:0:1 - - [01/Dec/2014:18:29:30 +0100] "GET /Database/Connection HTTP/1.1" 200 108
127.0.0.1 - - [01/Dec/2014:18:32:12 +0100] "GET / HTTP/1.1" 404 951
0:0:0:0:0:0:0:1 - - [01/Dec/2014:18:32:13 +0100] "GET /Database/Connection HTTP/1.1" 500 1770
127.0.0.1 - - [01/Dec/2014:18:32:30 +0100] "GET / HTTP/1.1" 404 951
0:0:0:0:0:0:0:1 - - [01/Dec/2014:18:32:31 +0100] "GET /Database/Connection HTTP/1.1" 500 1770
127.0.0.1 - - [01/Dec/2014:18:34:20 +0100] "GET / HTTP/1.1" 404 951
0:0:0:0:0:0:0:1 - - [01/Dec/2014:18:34:20 +0100] "GET /Database/servlet/connector.Connector HTTP/1.1" 404 1023
127.0.0.1 - - [01/Dec/2014:18:36:50 +0100] "GET / HTTP/1.1" 404 951
0:0:0:0:0:0:0:1 - - [01/Dec/2014:18:36:50 +0100] "GET /Database/Connector HTTP/1.1" 200 -
127.0.0.1 - - [01/Dec/2014:18:37:21 +0100] "GET / HTTP/1.1" 404 951
0:0:0:0:0:0:0:1 - - [01/Dec/2014:18:37:21 +0100] "GET /Database/Connector HTTP/1.1" 200 108
127.0.0.1 - - [01/Dec/2014:18:38:12 +0100] "GET / HTTP/1.1" 404 951
0:0:0:0:0:0:0:1 - - [01/Dec/2014:18:38:12 +0100] "GET /Database/Connector HTTP/1.1" 200 108
127.0.0.1 - - [01/Dec/2014:18:40:20 +0100] "GET / HTTP/1.1" 404 951
0:0:0:0:0:0:0:1 - - [01/Dec/2014:18:40:21 +0100] "GET /Database/Connector HTTP/1.1" 200 108
127.0.0.1 - - [01/Dec/2014:18:40:33 +0100] "GET / HTTP/1.1" 404 951
0:0:0:0:0:0:0:1 - - [01/Dec/2014:18:40:33 +0100] "GET /Database/Connector HTTP/1.1" 200 108
127.0.0.1 - - [01/Dec/2014:18:44:48 +0100] "GET / HTTP/1.1" 404 951
0:0:0:0:0:0:0:1 - - [01/Dec/2014:18:44:49 +0100] "GET /Database/Connector HTTP/1.1" 200 108
127.0.0.1 - - [01/Dec/2014:18:46:30 +0100] "GET / HTTP/1.1" 404 951
0:0:0:0:0:0:0:1 - - [01/Dec/2014:18:46:31 +0100] "GET /Deployment/Connector HTTP/1.1" 200 108
127.0.0.1 - - [01/Dec/2014:18:47:29 +0100] "GET / HTTP/1.1" 404 951
0:0:0:0:0:0:0:1 - - [01/Dec/2014:18:47:30 +0100] "GET /Deployment/ HTTP/1.1" 404 973
0:0:0:0:0:0:0:1 - - [01/Dec/2014:18:47:34 +0100] "GET /Deployment/Connector HTTP/1.1" 200 108
0:0:0:0:0:0:0:1 - - [01/Dec/2014:18:47:37 +0100] "GET /Deployment/Connector HTTP/1.1" 200 108
127.0.0.1 - - [01/Dec/2014:18:50:42 +0100] "GET / HTTP/1.1" 404 951
127.0.0.1 - - [01/Dec/2014:18:51:19 +0100] "GET / HTTP/1.1" 404 951
0:0:0:0:0:0:0:1 - - [01/Dec/2014:18:51:19 +0100] "GET /Deployment/Connector HTTP/1.1" 200 52
127.0.0.1 - - [01/Dec/2014:19:52:39 +0100] "GET / HTTP/1.1" 404 951
0:0:0:0:0:0:0:1 - - [01/Dec/2014:19:52:39 +0100] "GET /Deployment/Datasourcedemo HTTP/1.1" 500 1717
127.0.0.1 - - [01/Dec/2014:19:53:32 +0100] "GET / HTTP/1.1" 404 951
0:0:0:0:0:0:0:1 - - [01/Dec/2014:19:53:32 +0100] "GET /Deployment/Datasourcedemo HTTP/1.1" 200 26
